../Core/Src/main.c:92:5:main	24	static
../Core/Src/main.c:158:6:SystemClock_Config	88	static
../Core/Src/main.c:203:13:MX_TIM2_Init	48	static
../Core/Src/main.c:261:13:MX_TIM10_Init	8	static
../Core/Src/main.c:292:13:MX_TIM11_Init	8	static
../Core/Src/main.c:323:13:MX_USART2_UART_Init	8	static
../Core/Src/main.c:354:13:MX_DMA_Init	16	static
../Core/Src/main.c:372:13:MX_GPIO_Init	48	static
../Core/Src/main.c:401:6:encoderSpeedReaderCycle	24	static
../Core/Src/main.c:417:10:micros	12	static
../Core/Src/main.c:421:6:HAL_TIM_PeriodElapsedCallback	24	static
../Core/Src/main.c:434:6:Error_Handler	4	static,ignoring_inline_asm
