../Core/Src/main.c:84:5:main	16	static
../Core/Src/main.c:160:6:SystemClock_Config	88	static
../Core/Src/main.c:207:13:MX_ADC1_Init	24	static
../Core/Src/main.c:259:13:MX_TIM1_Init	96	static
../Core/Src/main.c:334:13:MX_TIM3_Init	32	static
../Core/Src/main.c:379:13:MX_TIM11_Init	8	static
../Core/Src/main.c:410:13:MX_USART2_UART_Init	8	static
../Core/Src/main.c:443:13:MX_GPIO_Init	48	static
../Core/Src/main.c:473:6:HAL_ADC_ConvCpltCallback	16	static
../Core/Src/main.c:479:6:HAL_TIM_PeriodElapsedCallback	24	static
../Core/Src/main.c:485:10:micros	12	static
../Core/Src/main.c:494:6:Error_Handler	4	static,ignoring_inline_asm
